Archive member included because of file (symbol)

/opt/local/lib/gcc/arm-none-eabi/4.7.2/../../../../arm-none-eabi/lib/thumb/libc.a(lib_a-errno.o)
                              Lb_Util.o (__errno)
/opt/local/lib/gcc/arm-none-eabi/4.7.2/../../../../arm-none-eabi/lib/thumb/libc.a(lib_a-impure.o)
                              /opt/local/lib/gcc/arm-none-eabi/4.7.2/../../../../arm-none-eabi/lib/thumb/libc.a(lib_a-errno.o) (_impure_ptr)
/opt/local/lib/gcc/arm-none-eabi/4.7.2/../../../../arm-none-eabi/lib/thumb/libc.a(lib_a-strtok.o)
                              Lb_Util.o (strtok)
/opt/local/lib/gcc/arm-none-eabi/4.7.2/../../../../arm-none-eabi/lib/thumb/libc.a(lib_a-strtok_r.o)
                              /opt/local/lib/gcc/arm-none-eabi/4.7.2/../../../../arm-none-eabi/lib/thumb/libc.a(lib_a-strtok.o) (__strtok_r)

Allocating common symbols
Common symbol       size              file

SaveRState          0x2               usb_int.o
Hw_Si47xx_LastResp  0x10              Hw_Si47xx.o
Hw_N5110G_TxFrameBuf
                    0x1f8             Hw_N5110G.o
Hw_DHT11_BitTbl     0x5a              Hw_DHT11.o
SaveState           0x2               usb_init.o
Hw_ISR_VectorTable  0x190             Hw_ISR.o
Hw_Uart_Q_Buffer    0xe7              Hw_Uart_Q.o
Hw_N5110G_Frame_Index
                    0x2               Hw_N5110G.o
wIstr               0x2               usb_istr.o
pProperty           0x4               usb_init.o
EPindex             0x1               usb_init.o
Hw_Uart_Ch          0x3c              Hw_Uart.o
SaveTState          0x2               usb_int.o
Hw_DHT11_Log        0x9               Hw_DHT11.o
Device_Info         0x1c              usb_init.o
pUser_Standard_Requests
                    0x4               usb_init.o
USB_Rx_Buffer       0x40              usb_endp.o
USART_Rx_Buffer     0x800             hw_config.o
StatusInfo          0x2               usb_core.o
pInformation        0x4               usb_init.o
ResumeS             0x2               usb_pwr.o
Hw_Uart_Q_Size      0xe               Hw_Uart_Q.o
Hw_N5110G_Frame_DrawReq
                    0x4               Hw_N5110G.o
pStrPrintBuf        0x4               Lb_Printf.o
Hw_Uart_Q_End       0xe               Hw_Uart_Q.o
EP                  0x20              usb_pwr.o
Hw_N5110G_RxFrameBuf
                    0x1f8             Hw_N5110G.o
wInterrupt_Mask     0x2               usb_init.o
Hw_Uart_Q_Start     0xe               Hw_Uart_Q.o

Discarded input sections

 .text          0x0000000000000000        0x0 main.o
 .data          0x0000000000000000        0x0 main.o
 .bss           0x0000000000000000        0x0 main.o
 .text          0x0000000000000000        0x0 Ap.o
 .data          0x0000000000000000        0x0 Ap.o
 .bss           0x0000000000000000        0x0 Ap.o
 .text          0x0000000000000000        0x0 Ap_Menu.o
 .data          0x0000000000000000        0x0 Ap_Menu.o
 .bss           0x0000000000000000        0x0 Ap_Menu.o
 .text          0x0000000000000000        0x0 Lb_Util.o
 .data          0x0000000000000000        0x0 Lb_Util.o
 .bss           0x0000000000000000        0x0 Lb_Util.o
 .text.delay    0x0000000000000000       0x14 Lb_Util.o
 .text.delay_second
                0x0000000000000000       0x14 Lb_Util.o
 .text.Lb_Util_PaseArgs
                0x0000000000000000       0x34 Lb_Util.o
 .text.Lb_Util_atoi
                0x0000000000000000       0x64 Lb_Util.o
 .text.__get_MSP
                0x0000000000000000        0x8 Lb_Util.o
 .text._sbrk    0x0000000000000000       0x44 Lb_Util.o
 .bss.heap_end.4931
                0x0000000000000000        0x4 Lb_Util.o
 .rodata.str1.4
                0x0000000000000000        0x8 Lb_Util.o
 .debug_info    0x0000000000000000      0x2e1 Lb_Util.o
 .debug_abbrev  0x0000000000000000      0x1c4 Lb_Util.o
 .debug_loc     0x0000000000000000      0x293 Lb_Util.o
 .debug_aranges
                0x0000000000000000       0x48 Lb_Util.o
 .debug_ranges  0x0000000000000000       0x68 Lb_Util.o
 .debug_line    0x0000000000000000      0x121 Lb_Util.o
 .debug_str     0x0000000000000000      0x1a7 Lb_Util.o
 .comment       0x0000000000000000       0x12 Lb_Util.o
 .ARM.attributes
                0x0000000000000000       0x33 Lb_Util.o
 .debug_frame   0x0000000000000000       0x9c Lb_Util.o
 .text          0x0000000000000000        0x0 Lb_Printf.o
 .data          0x0000000000000000        0x0 Lb_Printf.o
 .bss           0x0000000000000000        0x0 Lb_Printf.o
 .text.StrNCmp  0x0000000000000000       0x38 Lb_Printf.o
 .text.StrCmp   0x0000000000000000       0x3c Lb_Printf.o
 .text.Lb_sprintf
                0x0000000000000000      0x104 Lb_Printf.o
 .text.Lb_vsprintf
                0x0000000000000000       0xec Lb_Printf.o
 .text          0x0000000000000000        0x0 Hw_StartUp.o
 .data          0x0000000000000000        0x0 Hw_StartUp.o
 .bss           0x0000000000000000        0x0 Hw_StartUp.o
 .text          0x0000000000000000        0x0 Hw.o
 .data          0x0000000000000000        0x0 Hw.o
[...]
Memory Configuration

Name             Origin             Length             Attributes
RAM              0x0000000020000000 0x0000000000005000 xrw
EXTSRAM          0x0000000068000000 0x0000000000000000 xrw
FLASH            0x0000000008000000 0x000000000001f800 xr
EEMUL            0x000000000801f800 0x0000000000000800 xrw
*default*        0x0000000000000000 0xffffffffffffffff

Linker script and memory map

LOAD main.o
LOAD Ap.o
LOAD Ap_Menu.o
LOAD Lb_Util.o
LOAD Lb_Printf.o
LOAD Hw_StartUp.o
LOAD Hw.o
LOAD Hw_Uart.o
LOAD Hw_PLL.o
LOAD Hw_Led.o
LOAD Hw_Uart_Q.o
LOAD Hw_ISR.o
LOAD Hw_Timer.o
LOAD Hw_VCom.o
LOAD Hw_I2C.o
LOAD Hw_I2C_SW.o
LOAD Hw_I2C_HW.o
LOAD Hw_Si47xx.o
LOAD Hw_SPI.o
LOAD Hw_N5110G.o
LOAD Hw_DMA.o
LOAD Hw_I2C_IMU.o
LOAD Hw_MPU6050.o
LOAD Hw_Pwm.o
LOAD Hw_DHT11.o
LOAD usb_desc.o
LOAD usb_endp.o
LOAD usb_istr.o
LOAD usb_prop.o
LOAD usb_pwr.o
LOAD hw_config.o
LOAD usb_core.o
LOAD usb_init.o
LOAD usb_mem.o
LOAD usb_regs.o
LOAD usb_sil.o
LOAD usb_int.o
LOAD /opt/local/lib/gcc/arm-none-eabi/4.7.2/../../../../arm-none-eabi/lib/thumb/libc.a
LOAD /opt/local/lib/gcc/arm-none-eabi/4.7.2/../../../../arm-none-eabi/lib/thumb/libm.a
LOAD /opt/local/lib/gcc/arm-none-eabi/4.7.2/../../../../arm-none-eabi/lib/thumb/libc.a
LOAD /opt/local/lib/gcc/arm-none-eabi/4.7.2/thumb/libgcc.a
                0x0000000020005000                _estack = (ORIGIN (RAM) + 0x5000)
                0x000000000801f800                _seemul = ORIGIN (EEMUL)
                0x0000000000000100                _Minimum_Stack_Size = 0x100
                0x0000000000000001                ASSERT ((ORIGIN (FLASH) == ALIGN (ORIGIN (FLASH), 0x80)), Start of memory region flash not aligned for startup vector table)

.text           0x0000000008000000     0x39b4
                0x0000000008000000                . = ALIGN (0x80)
                0x0000000000000000                _isr_vectorsflash_offs = (. - 0x8000000)
 *(.isr_vectorsflash)
 .isr_vectorsflash
                0x0000000008000000        0x8 Hw_StartUp.o
                0x0000000008000000                g_pfnVectors
                0x0000000008000008                . = ALIGN (0x4)
 *(.text)
 *(.text.*)
 .text.LED_Tick
                0x0000000008000008       0x10 main.o
                0x0000000008000008                LED_Tick
 .text.startup.main
                0x0000000008000018       0x44 main.o
                0x0000000008000018                main
 .text.Ap_Init  0x000000000800005c        0x4 Ap.o
                0x000000000800005c                Ap_Init
 .text.Exam_LED_Tick
                0x0000000008000060       0x2c Ap_Menu.o
                0x0000000008000060                Exam_LED_Tick
 .text.Ap_Menu_ShowMenu
                0x000000000800008c       0xa4 Ap_Menu.o
                0x000000000800008c                Ap_Menu_ShowMenu
 .text.Ap_Menu_GetCmd
                0x0000000008000130       0x30 Ap_Menu.o
                0x0000000008000130                Ap_Menu_GetCmd
 .text.Ap_Menu_ExeCmd
                0x0000000008000160      0x1f4 Ap_Menu.o
                0x0000000008000160                Ap_Menu_ExeCmd
 .text.print_byte_out
                0x0000000008000354       0x38 Lb_Printf.o
                0x0000000008000354                print_byte_out
 .text.PrintString.part.0
                0x000000000800038c       0x1c Lb_Printf.o
 .text.DecToLong
                0x00000000080003a8       0x48 Lb_Printf.o
                0x00000000080003a8                DecToLong
 .text.PrintDec
                0x00000000080003f0      0x1a4 Lb_Printf.o
 .text.PrintHex
                0x0000000008000594      0x1dc Lb_Printf.o
 .text.Lb_printf
                0x0000000008000770       0xf4 Lb_Printf.o
                0x0000000008000770                Lb_printf
 .text.Hw_StartUp_Init
                0x0000000008000864       0xb0 Hw_StartUp.o
                0x0000000008000864                Hw_StartUp_Init
 .text.Hw_Init  0x0000000008000914       0xd0 Hw.o
                0x0000000008000914                Hw_Init
 .text.Hw_Wait  0x00000000080009e4       0x1c Hw.o
                0x00000000080009e4                Hw_Wait
 .text.Hw_Wait_ms
                0x0000000008000a00       0x24 Hw.o
                0x0000000008000a00                Hw_Wait_ms
 .text.Hw_ISR_UART1_Handler
                0x0000000008000a24       0x24 Hw_Uart.o
                0x0000000008000a24                Hw_ISR_UART1_Handler
 .text.Hw_Uart_Open_COM1
                0x0000000008000a48       0x90 Hw_Uart.o
                0x0000000008000a48                Hw_Uart_Open_COM1
 .text.Hw_Uart_Init
                0x0000000008000ad8       0x3c Hw_Uart.o
                0x0000000008000ad8                Hw_Uart_Init
 .text.Hw_Uart_Getch
                0x0000000008000b14       0x30 Hw_Uart.o
                0x0000000008000b14                Hw_Uart_Getch
 .text.print_byte
                0x0000000008000b44       0x3c Hw_Uart.o
                0x0000000008000b44                print_byte
 .text.get_byte
                0x0000000008000b80       0x10 Hw_Uart.o
                0x0000000008000b80                get_byte
 .text.Hw_PLL_Init
                0x0000000008000b90       0x94 Hw_PLL.o
                0x0000000008000b90                Hw_PLL_Init
 .text.Hw_Led_Init
                0x0000000008000c24       0x44 Hw_Led.o
                0x0000000008000c24                Hw_Led_Init
 .text.Hw_Led_Toggle
                0x0000000008000c68       0x14 Hw_Led.o
                0x0000000008000c68                Hw_Led_Toggle
 .text.Hw_Uart_Q_Init
                0x0000000008000c7c       0x1c Hw_Uart_Q.o
                0x0000000008000c7c                Hw_Uart_Q_Init
 .text.HW_UART_Q_VAILD
                0x0000000008000c98       0x2c Hw_Uart_Q.o
                0x0000000008000c98                HW_UART_Q_VAILD
 .text.Hw_Uart_Q_Push
                0x0000000008000cc4       0x5c Hw_Uart_Q.o
                0x0000000008000cc4                Hw_Uart_Q_Push
 .text.Hw_Uart_Q_Pop
                0x0000000008000d20       0x58 Hw_Uart_Q.o
                0x0000000008000d20                Hw_Uart_Q_Pop
 .text.Hw_ISR_Init
                0x0000000008000d78       0x14 Hw_ISR.o
                0x0000000008000d78                Hw_ISR_Init
 .text.Hw_ISR_SetIRQFunc
                0x0000000008000d8c       0x10 Hw_ISR.o
                0x0000000008000d8c                Hw_ISR_SetIRQFunc
 .text.Hw_ISR_SetIRQFuncByAddr
                0x0000000008000d9c       0x10 Hw_ISR.o
                0x0000000008000d9c                Hw_ISR_SetIRQFuncByAddr
 .text.Hw_Timer_SetupISR
                0x0000000008000dac       0x1c Hw_Timer.o
                0x0000000008000dac                Hw_Timer_SetupISR
 .text.Hw_Timer_Init
                0x0000000008000dc8       0x7c Hw_Timer.o
                0x0000000008000dc8                Hw_Timer_Init
 .text.Hw_Timer_Tick
                0x0000000008000e44       0x6c Hw_Timer.o
                0x0000000008000e44                Hw_Timer_Tick
 .text.Hw_Timer_ISR
                0x0000000008000eb0       0x10 Hw_Timer.o
                0x0000000008000eb0                Hw_Timer_ISR
 .text.Hw_Timer_Set
                0x0000000008000ec0       0x20 Hw_Timer.o
                0x0000000008000ec0                Hw_Timer_Set
 .text.Hw_Timer_Start
                0x0000000008000ee0       0x14 Hw_Timer.o
                0x0000000008000ee0                Hw_Timer_Start
 .text.Hw_Timer_Delay_ms
                0x0000000008000ef4       0x14 Hw_Timer.o
                0x0000000008000ef4                Hw_Timer_Delay_ms
 .text.Hw_VCom_Init
                0x0000000008000f08       0x2c Hw_VCom.o
                0x0000000008000f08                Hw_VCom_Init
 .text.Hw_I2C_Init
                0x0000000008000f34       0x10 Hw_I2C.o
                0x0000000008000f34                Hw_I2C_Init
 .text.Hw_I2C_HW_IO_Setup
                0x0000000008000f44       0x48 Hw_I2C_HW.o
                0x0000000008000f44                Hw_I2C_HW_IO_Setup
 .text.Hw_I2C_HW_Init
                0x0000000008000f8c       0x74 Hw_I2C_HW.o
                0x0000000008000f8c                Hw_I2C_HW_Init
 .text.Hw_Si47xx_Reset
                0x0000000008001000       0x40 Hw_Si47xx.o
                0x0000000008001000                Hw_Si47xx_Reset
 .text.Hw_Si47xx_Init
                0x0000000008001040       0x34 Hw_Si47xx.o
                0x0000000008001040                Hw_Si47xx_Init
 .text.Hw_SPI_Ch2_Init
                0x0000000008001074       0x74 Hw_SPI.o
                0x0000000008001074                Hw_SPI_Ch2_Init
 .text.Hw_SPI_Init
                0x00000000080010e8       0x2c Hw_SPI.o
                0x00000000080010e8                Hw_SPI_Init
 .text.Hw_SPI_StartDMA
                0x0000000008001114       0x20 Hw_SPI.o
                0x0000000008001114                Hw_SPI_StartDMA
 .text.Hw_SPI_Write8Bit
                0x0000000008001134       0x60 Hw_SPI.o
                0x0000000008001134                Hw_SPI_Write8Bit
 .text.Hw_N5100G_FrameTick
                0x0000000008001194       0x50 Hw_N5110G.o
                0x0000000008001194                Hw_N5100G_FrameTick
 .text.Hw_N5110G_Reset
                0x00000000080011e4       0x28 Hw_N5110G.o
                0x00000000080011e4                Hw_N5110G_Reset
 .text.Hw_N5110G_WriteCmd
                0x000000000800120c       0x2c Hw_N5110G.o
                0x000000000800120c                Hw_N5110G_WriteCmd
 .text.Hw_N5110G_Goto
                0x0000000008001238       0x20 Hw_N5110G.o
                0x0000000008001238                Hw_N5110G_Goto
 .text.Hw_N5110G_Init
                0x0000000008001258       0xe0 Hw_N5110G.o
                0x0000000008001258                Hw_N5110G_Init
 .text.Hw_DMA_Init
                0x0000000008001338       0x24 Hw_DMA.o
                0x0000000008001338                Hw_DMA_Init
 .text.Hw_DMA_SPI2_Setup
                0x000000000800135c       0x78 Hw_DMA.o
                0x000000000800135c                Hw_DMA_SPI2_Setup
 .text.Hw_DMA_SPI2_IsTransFinished
                0x00000000080013d4       0x28 Hw_DMA.o
                0x00000000080013d4                Hw_DMA_SPI2_IsTransFinished
 .text.Hw_I2C_IMU_IO_Setup
                0x00000000080013fc       0x48 Hw_I2C_IMU.o
                0x00000000080013fc                Hw_I2C_IMU_IO_Setup
 .text.Hw_I2C_IMU_Init
                0x0000000008001444       0x84 Hw_I2C_IMU.o
                0x0000000008001444                Hw_I2C_IMU_Init
 .text.Hw_I2C_IMU_GetErrStatus
                0x00000000080014c8       0x34 Hw_I2C_IMU.o
                0x00000000080014c8                Hw_I2C_IMU_GetErrStatus
 .text.Hw_I2C_IMU_ReadRegs
                0x00000000080014fc      0x1f8 Hw_I2C_IMU.o
                0x00000000080014fc                Hw_I2C_IMU_ReadRegs
 .text.Hw_I2C_IMU_MPU6050_ReadReg
                0x00000000080016f4       0x18 Hw_I2C_IMU.o
                0x00000000080016f4                Hw_I2C_IMU_MPU6050_ReadReg
 .text.Hw_I2C_IMU_WriteRegs
                0x000000000800170c      0x148 Hw_I2C_IMU.o
                0x000000000800170c                Hw_I2C_IMU_WriteRegs
 .text.Hw_I2C_IMU_MPU6050_WriteReg
                0x0000000008001854       0x20 Hw_I2C_IMU.o
                0x0000000008001854                Hw_I2C_IMU_MPU6050_WriteReg
 .text.Hw_MPU6050_Init
                0x0000000008001874       0x6c Hw_MPU6050.o
                0x0000000008001874                Hw_MPU6050_Init
 .text.Hw_Pwm_IO_Setup
                0x00000000080018e0       0x3c Hw_Pwm.o
                0x00000000080018e0                Hw_Pwm_IO_Setup
 .text.Hw_Pwm_Timer_Setup
                0x000000000800191c       0x90 Hw_Pwm.o
                0x000000000800191c                Hw_Pwm_Timer_Setup
 .text.Hw_Pwm_Init
                0x00000000080019ac       0x18 Hw_Pwm.o
                0x00000000080019ac                Hw_Pwm_Init
 .text.Hw_Pwm_SetPercent
                0x00000000080019c4       0x2c Hw_Pwm.o
                0x00000000080019c4                Hw_Pwm_SetPercent
 .text.Hw_DHT11_Tick
                0x00000000080019f0      0x170 Hw_DHT11.o
                0x00000000080019f0                Hw_DHT11_Tick
 .text.Hw_DHT11_IO_ISR
                0x0000000008001b60       0x54 Hw_DHT11.o
                0x0000000008001b60                Hw_DHT11_IO_ISR
 .text.Hw_DHT11_GetHumidity
                0x0000000008001bb4       0x10 Hw_DHT11.o
                0x0000000008001bb4                Hw_DHT11_GetHumidity
 .text.Hw_DHT11_GetTemperature
                0x0000000008001bc4       0x10 Hw_DHT11.o
                0x0000000008001bc4                Hw_DHT11_GetTemperature
 .text.Hw_DHT11_IO_SetupISR
                0x0000000008001bd4       0x4c Hw_DHT11.o
                0x0000000008001bd4                Hw_DHT11_IO_SetupISR
 .text.Hw_DHT11_Init
                0x0000000008001c20       0xa4 Hw_DHT11.o
                0x0000000008001c20                Hw_DHT11_Init
 .text.EP1_IN_Callback
                0x0000000008001cc4       0x74 usb_endp.o
                0x0000000008001cc4                EP1_IN_Callback
 .text.EP3_OUT_Callback
                0x0000000008001d38       0x34 usb_endp.o
                0x0000000008001d38                EP3_OUT_Callback
 .text.SOF_Callback
                0x0000000008001d6c       0x30 usb_endp.o
                0x0000000008001d6c                SOF_Callback
 .text.USB_Istr
                0x0000000008001d9c      0x1e8 usb_istr.o
                0x0000000008001d9c                USB_Istr
 .text.Virtual_Com_Port_SetConfiguration
                0x0000000008001f84       0x18 usb_prop.o
                0x0000000008001f84                Virtual_Com_Port_SetConfiguration
 .text.Virtual_Com_Port_SetDeviceAddress
                0x0000000008001f9c       0x10 usb_prop.o
                0x0000000008001f9c                Virtual_Com_Port_SetDeviceAddress
 .text.Virtual_Com_Port_Status_In
                0x0000000008001fac       0x14 usb_prop.o
                0x0000000008001fac                Virtual_Com_Port_Status_In
 .text.Virtual_Com_Port_Status_Out
                0x0000000008001fc0        0x4 usb_prop.o
                0x0000000008001fc0                Virtual_Com_Port_Status_Out
 .text.Virtual_Com_Port_Data_Setup
                0x0000000008001fc4       0x60 usb_prop.o
                0x0000000008001fc4                Virtual_Com_Port_Data_Setup
 .text.Virtual_Com_Port_NoData_Setup
                0x0000000008002024       0x24 usb_prop.o
                0x0000000008002024                Virtual_Com_Port_NoData_Setup
 .text.Virtual_Com_Port_Get_Interface_Setting
                0x0000000008002048       0x10 usb_prop.o
                0x0000000008002048                Virtual_Com_Port_Get_Interface_Setting
 .text.Virtual_Com_Port_GetLineCoding
                0x0000000008002058       0x18 usb_prop.o
                0x0000000008002058                Virtual_Com_Port_GetLineCoding
 .text.Virtual_Com_Port_SetLineCoding
                0x0000000008002070       0x18 usb_prop.o
                0x0000000008002070                Virtual_Com_Port_SetLineCoding
 .text.Virtual_Com_Port_GetStringDescriptor
                0x0000000008002088       0x28 usb_prop.o
                0x0000000008002088                Virtual_Com_Port_GetStringDescriptor
 .text.Virtual_Com_Port_GetConfigDescriptor
                0x00000000080020b0       0x18 usb_prop.o
                0x00000000080020b0                Virtual_Com_Port_GetConfigDescriptor
 .text.Virtual_Com_Port_GetDeviceDescriptor
                0x00000000080020c8       0x18 usb_prop.o
                0x00000000080020c8                Virtual_Com_Port_GetDeviceDescriptor
 .text.Virtual_Com_Port_Reset
                0x00000000080020e0      0x110 usb_prop.o
                0x00000000080020e0                Virtual_Com_Port_Reset
 .text.Virtual_Com_Port_init
                0x00000000080021f0       0x3c usb_prop.o
                0x00000000080021f0                Virtual_Com_Port_init
 .text.PowerOn  0x000000000800222c       0x3c usb_pwr.o
                0x000000000800222c                PowerOn
 .text.Suspend  0x0000000008002268      0x108 usb_pwr.o
                0x0000000008002268                Suspend
 .text.Resume_Init
                0x0000000008002370       0x28 usb_pwr.o
                0x0000000008002370                Resume_Init
 .text.Resume   0x0000000008002398       0xbc usb_pwr.o
                0x0000000008002398                Resume
 .text.USBWakeUp_IRQHandler
                0x0000000008002454       0x10 hw_config.o
                0x0000000008002454                USBWakeUp_IRQHandler
 .text.IntToUnicode
                0x0000000008002464       0x3c hw_config.o
 .text.USB_LP_IRQHandler
                0x00000000080024a0       0x10 hw_config.o
                0x00000000080024a0                USB_LP_IRQHandler
 .text.Set_System
                0x00000000080024b0       0x20 hw_config.o
                0x00000000080024b0                Set_System
 .text.Set_USBClock
                0x00000000080024d0       0x24 hw_config.o
                0x00000000080024d0                Set_USBClock
 .text.Leave_LowPowerMode
                0x00000000080024f4       0x20 hw_config.o
                0x00000000080024f4                Leave_LowPowerMode
 .text.USB_Interrupts_Config
                0x0000000008002514       0xb0 hw_config.o
                0x0000000008002514                USB_Interrupts_Config
 .text.USB_Cable_Config
                0x00000000080025c4       0x1c hw_config.o
                0x00000000080025c4                USB_Cable_Config
 .text.USB_To_USART_Send_Data
                0x00000000080025e0       0x2c hw_config.o
                0x00000000080025e0                USB_To_USART_Send_Data
 .text.Handle_USBAsynchXfer
                0x000000000800260c       0xa4 hw_config.o
                0x000000000800260c                Handle_USBAsynchXfer
 .text.Get_SerialNum
                0x00000000080026b0       0x44 hw_config.o
                0x00000000080026b0                Get_SerialNum
 .text.__WFI    0x00000000080026f4        0x4 hw_config.o
                0x00000000080026f4                __WFI
 .text.Standard_GetConfiguration
                0x00000000080026f8       0x28 usb_core.o
                0x00000000080026f8                Standard_GetConfiguration
 .text.Standard_GetInterface
                0x0000000008002720       0x28 usb_core.o
                0x0000000008002720                Standard_GetInterface
 .text.Standard_GetStatus
                0x0000000008002748       0x98 usb_core.o
                0x0000000008002748                Standard_GetStatus
 .text.DataStageIn
                0x00000000080027e0       0xd0 usb_core.o
 .text.Standard_SetConfiguration
                0x00000000080028b0       0x3c usb_core.o
                0x00000000080028b0                Standard_SetConfiguration
 .text.Standard_SetInterface
                0x00000000080028ec       0x50 usb_core.o
                0x00000000080028ec                Standard_SetInterface
 .text.Standard_ClearFeature
                0x000000000800293c       0xf8 usb_core.o
                0x000000000800293c                Standard_ClearFeature
 .text.Standard_SetEndPointFeature
                0x0000000008002a34       0x98 usb_core.o
                0x0000000008002a34                Standard_SetEndPointFeature
 .text.Standard_GetDescriptorData
                0x0000000008002acc       0x1c usb_core.o
                0x0000000008002acc                Standard_GetDescriptorData
 .text.Post0_Process
                0x0000000008002ae8       0x48 usb_core.o
                0x0000000008002ae8                Post0_Process
 .text.Out0_Process
                0x0000000008002b30       0xfc usb_core.o
                0x0000000008002b30                Out0_Process
 .text.Setup0_Process
                0x0000000008002c2c      0x394 usb_core.o
                0x0000000008002c2c                Setup0_Process
 .text.SetDeviceAddress
                0x0000000008002fc0       0x44 usb_core.o
                0x0000000008002fc0                SetDeviceAddress
 .text.In0_Process
                0x0000000008003004       0x6c usb_core.o
                0x0000000008003004                In0_Process
 .text.NOP_Process
                0x0000000008003070        0x4 usb_core.o
                0x0000000008003070                NOP_Process
 .text.USB_Init
                0x0000000008003074       0x44 usb_init.o
                0x0000000008003074                USB_Init
 .text.UserToPMABufferCopy
                0x00000000080030b8       0x34 usb_mem.o
                0x00000000080030b8                UserToPMABufferCopy
 .text.PMAToUserBufferCopy
                0x00000000080030ec       0x24 usb_mem.o
                0x00000000080030ec                PMAToUserBufferCopy
 .text.SetBTABLE
                0x0000000008003110       0x14 usb_regs.o
                0x0000000008003110                SetBTABLE
 .text.SetEPType
                0x0000000008003124       0x18 usb_regs.o
                0x0000000008003124                SetEPType
 .text.SetEPTxStatus
                0x000000000800313c       0x40 usb_regs.o
                0x000000000800313c                SetEPTxStatus
 .text.SetEPRxStatus
                0x000000000800317c       0x40 usb_regs.o
                0x000000000800317c                SetEPRxStatus
 .text.SetEPTxValid
                0x00000000080031bc       0x24 usb_regs.o
                0x00000000080031bc                SetEPTxValid
 .text.SetEPRxValid
                0x00000000080031e0       0x24 usb_regs.o
                0x00000000080031e0                SetEPRxValid
 .text.Clear_Status_Out
                0x0000000008003204       0x20 usb_regs.o
                0x0000000008003204                Clear_Status_Out
 .text.ClearDTOG_RX
                0x0000000008003224       0x24 usb_regs.o
                0x0000000008003224                ClearDTOG_RX
 .text.ClearDTOG_TX
                0x0000000008003248       0x24 usb_regs.o
                0x0000000008003248                ClearDTOG_TX
 .text.SetEPTxAddr
                0x000000000800326c       0x24 usb_regs.o
                0x000000000800326c                SetEPTxAddr
 .text.SetEPRxAddr
                0x0000000008003290       0x28 usb_regs.o
                0x0000000008003290                SetEPRxAddr
 .text.GetEPTxAddr
                0x00000000080032b8       0x20 usb_regs.o
                0x00000000080032b8                GetEPTxAddr
 .text.GetEPRxAddr
                0x00000000080032d8       0x20 usb_regs.o
                0x00000000080032d8                GetEPRxAddr
 .text.SetEPTxCount
                0x00000000080032f8       0x20 usb_regs.o
                0x00000000080032f8                SetEPTxCount
 .text.SetEPRxCount
                0x0000000008003318       0x44 usb_regs.o
                0x0000000008003318                SetEPRxCount
 .text.GetEPRxCount
                0x000000000800335c       0x24 usb_regs.o
                0x000000000800335c                GetEPRxCount
 .text.ByteSwap
                0x0000000008003380        0xc usb_regs.o
                0x0000000008003380                ByteSwap
 .text.USB_SIL_Init
                0x000000000800338c       0x2c usb_sil.o
                0x000000000800338c                USB_SIL_Init
 .text.USB_SIL_Read
                0x00000000080033b8       0x38 usb_sil.o
                0x00000000080033b8                USB_SIL_Read
 .text.CTR_LP   0x00000000080033f0      0x1bc usb_int.o
                0x00000000080033f0                CTR_LP
 *(.stub .gnu.linkonce.t.*)
 *(.rodata .rodata.* .gnu.linkonce.r.*)
 .rodata.str1.4
                0x00000000080035ac      0x30d Ap_Menu.o
                                        0x314 (size before relaxing)
 *fill*         0x00000000080038b9        0x3 
 .rodata.str1.4
                0x00000000080038bc       0x40 Hw_MPU6050.o
 .rodata.Virtual_Com_Port_StringVendor
                0x00000000080038fc       0x28 usb_desc.o
                0x00000000080038fc                Virtual_Com_Port_StringVendor
 .rodata.Virtual_Com_Port_DeviceDescriptor
                0x0000000008003924       0x14 usb_desc.o
                0x0000000008003924                Virtual_Com_Port_DeviceDescriptor
 .rodata.Virtual_Com_Port_StringLangID
                0x0000000008003938        0x4 usb_desc.o
                0x0000000008003938                Virtual_Com_Port_StringLangID
 .rodata.Virtual_Com_Port_StringProduct
                0x000000000800393c       0x34 usb_desc.o
                0x000000000800393c                Virtual_Com_Port_StringProduct
 .rodata.Virtual_Com_Port_ConfigDescriptor
                0x0000000008003970       0x44 usb_desc.o
                0x0000000008003970                Virtual_Com_Port_ConfigDescriptor
 *(.glue_7 .glue_7t)
 .glue_7        0x0000000000000000        0x0 linker stubs
 .glue_7t       0x0000000000000000        0x0 linker stubs
                0x00000000080039b4                . = ALIGN (0x4)

.vfp11_veneer   0x00000000080039b4        0x0
 .vfp11_veneer  0x0000000000000000        0x0 linker stubs

.v4_bx          0x00000000080039b4        0x0
 .v4_bx         0x0000000000000000        0x0 linker stubs

.iplt           0x00000000080039b4        0x0
 .iplt          0x0000000000000000        0x0 main.o

.rel.dyn        0x00000000080039b4        0x0
 .rel.iplt      0x0000000000000000        0x0 main.o

.ARM.extab
 *(.ARM.extab* .gnu.linkonce.armextab.*)

.ARM            0x00000000080039b4        0x0
                0x00000000080039b4                __exidx_start = .
 *(.ARM.exidx*)
                0x00000000080039b4                __exidx_end = .
                0x00000000080039b4                _etext = .
                0x00000000080039b4                _sidata = _etext

.data           0x0000000020000000       0xe8 load address 0x00000000080039b4
                0x0000000020000000                . = .
                0x0000000020000000                . = ALIGN (0x4)
                0x0000000020000000                _sdata = .
                0x0000000020000000                . = ALIGN (0x80)
                0x0000000000000000                _isr_vectorsram_offs = (. - 0x20000000)
 *(.isr_vectorsram)
                0x0000000020000000                . = ALIGN (0x4)
 *(.ramfunc*)
                0x0000000020000000                . = ALIGN (0x4)
 *(.data .data.* .gnu.linkonce.d.*)
 .data.Exam_LED_TickDelay
                0x0000000020000000        0x2 Ap_Menu.o
                0x0000000020000000                Exam_LED_TickDelay
 *fill*         0x0000000020000002        0x2 
 .data.Virtual_Com_Port_StringSerial
                0x0000000020000004       0x1c usb_desc.o
                0x0000000020000004                Virtual_Com_Port_StringSerial
 .data.pEpInt_IN
                0x0000000020000020       0x1c usb_istr.o
                0x0000000020000020                pEpInt_IN
 .data.pEpInt_OUT
                0x000000002000003c       0x1c usb_istr.o
                0x000000002000003c                pEpInt_OUT
 .data.Config_Descriptor
                0x0000000020000058        0x8 usb_prop.o
                0x0000000020000058                Config_Descriptor
 .data.Device_Property
                0x0000000020000060       0x30 usb_prop.o
                0x0000000020000060                Device_Property
 .data.User_Standard_Requests
                0x0000000020000090       0x24 usb_prop.o
                0x0000000020000090                User_Standard_Requests
 .data.Device_Descriptor
                0x00000000200000b4        0x8 usb_prop.o
                0x00000000200000b4                Device_Descriptor
 .data.String_Descriptor
                0x00000000200000bc       0x20 usb_prop.o
                0x00000000200000bc                String_Descriptor
 .data.linecoding
                0x00000000200000dc        0x8 usb_prop.o
                0x00000000200000dc                linecoding
 .data.Device_Table
                0x00000000200000e4        0x4 usb_prop.o
                0x00000000200000e4                Device_Table
                0x00000000200000e8                . = ALIGN (0x4)
                0x00000000200000e8                _edata = .

.igot.plt       0x00000000200000e8        0x0 load address 0x0000000008003a9c
 .igot.plt      0x0000000000000000        0x0 main.o

.bss            0x0000000020000200     0x1294 load address 0x0000000008003c00
                0x0000000020000200                . = ALIGN (0x4)
                0x0000000020000200                _sbss = .
 *(.bss .bss.*)
 .bss.Cnt.4389  0x0000000020000200        0x2 Ap_Menu.o
 .bss.Exam_Pwm_Value
                0x0000000020000202        0x2 Ap_Menu.o
                0x0000000020000202                Exam_Pwm_Value
 .bss.StrPrintBufIndex
                0x0000000020000204        0x4 Lb_Printf.o
                0x0000000020000204                StrPrintBufIndex
 .bss.StrPrintMode
                0x0000000020000208        0x1 Lb_Printf.o
                0x0000000020000208                StrPrintMode
 *fill*         0x0000000020000209        0x3 
 .bss.Timer_Tbl
                0x000000002000020c       0x70 Hw_Timer.o
 .bss.Excute.4389
                0x000000002000027c        0x1 Hw_Timer.o
 *fill*         0x000000002000027d        0x3 
 .bss.Hw_Timer_Counter
                0x0000000020000280        0x4 Hw_Timer.o
 .bss.Tmr_Ctn   0x0000000020000284        0x2 Hw_Timer.o
 .bss.Called.4381
                0x0000000020000286        0x1 Hw_SPI.o
 .bss.Called.4377
                0x0000000020000287        0x1 Hw_DMA.o
 .bss.power_on.4385
                0x0000000020000288        0x1 Hw_I2C_IMU.o
 .bss.power_on.4396
                0x0000000020000289        0x1 Hw_MPU6050.o
 *fill*         0x000000002000028a        0x2 
 .bss.Hw_DHT11_BitIndex
                0x000000002000028c        0x4 Hw_DHT11.o
                0x000000002000028c                Hw_DHT11_BitIndex
 .bss.State.4400
                0x0000000020000290        0x4 Hw_DHT11.o
 .bss.Cnt.4401  0x0000000020000294        0x4 Hw_DHT11.o
 .bss.TimerCntSaved.4419
                0x0000000020000298        0x2 Hw_DHT11.o
 *fill*         0x000000002000029a        0x2 
 .bss.FrameCount.4837
                0x000000002000029c        0x4 usb_endp.o
 .bss.wCNTR     0x00000000200002a0        0x4 usb_istr.o
                0x00000000200002a0                wCNTR
 .bss.bIntPackSOF
                0x00000000200002a4        0x1 usb_istr.o
                0x00000000200002a4                bIntPackSOF
 *fill*         0x00000000200002a5        0x3 
 .bss.esof_counter
                0x00000000200002a8        0x4 usb_istr.o
                0x00000000200002a8                esof_counter
 .bss.Request   0x00000000200002ac        0x1 usb_prop.o
                0x00000000200002ac                Request
 *fill*         0x00000000200002ad        0x3 
 .bss.bDeviceState
                0x00000000200002b0        0x4 usb_pwr.o
                0x00000000200002b0                bDeviceState
 .bss.fSuspendEnabled
                0x00000000200002b4        0x1 usb_pwr.o
                0x00000000200002b4                fSuspendEnabled
 *fill*         0x00000000200002b5        0x3 
 .bss.remotewakeupon
                0x00000000200002b8        0x4 usb_pwr.o
                0x00000000200002b8                remotewakeupon
 .bss.USB_Tx_State
                0x00000000200002bc        0x1 hw_config.o
                0x00000000200002bc                USB_Tx_State
 *fill*         0x00000000200002bd        0x3 
 .bss.USART_Rx_ptr_in
                0x00000000200002c0        0x4 hw_config.o
                0x00000000200002c0                USART_Rx_ptr_in
 .bss.USART_Rx_ptr_out
                0x00000000200002c4        0x4 hw_config.o
                0x00000000200002c4                USART_Rx_ptr_out
 .bss.USART_Rx_length
                0x00000000200002c8        0x4 hw_config.o
                0x00000000200002c8                USART_Rx_length
 .bss.Data_Mul_MaxPacketSize
                0x00000000200002cc        0x1 usb_core.o
                0x00000000200002cc                Data_Mul_MaxPacketSize
 *(COMMON)
 *fill*         0x00000000200002cd        0x3 
 COMMON         0x00000000200002d0        0x4 Lb_Printf.o
                0x00000000200002d0                pStrPrintBuf
 COMMON         0x00000000200002d4       0x3c Hw_Uart.o
                0x00000000200002d4                Hw_Uart_Ch
 COMMON         0x0000000020000310      0x116 Hw_Uart_Q.o
                0x0000000020000310                Hw_Uart_Q_Buffer
                0x00000000200003f8                Hw_Uart_Q_Size
                0x0000000020000408                Hw_Uart_Q_End
                0x0000000020000418                Hw_Uart_Q_Start
 *fill*         0x0000000020000426      0x1da 
 COMMON         0x0000000020000600      0x190 Hw_ISR.o
                0x0000000020000600                Hw_ISR_VectorTable
 COMMON         0x0000000020000790      0x3f8 Hw_N5110G.o
                0x0000000020000790                Hw_N5110G_TxFrameBuf
                0x0000000020000988                Hw_N5110G_Frame_Index
                0x000000002000098c                Hw_N5110G_Frame_DrawReq
                0x0000000020000990                Hw_N5110G_RxFrameBuf
 COMMON         0x0000000020000b88       0x65 Hw_DHT11.o
                0x0000000020000b88                Hw_DHT11_BitTbl
                0x0000000020000be4                Hw_DHT11_Log
 *fill*         0x0000000020000bed        0x3 
 COMMON         0x0000000020000bf0       0x40 usb_endp.o
                0x0000000020000bf0                USB_Rx_Buffer
 COMMON         0x0000000020000c30        0x2 usb_istr.o
                0x0000000020000c30                wIstr
 *fill*         0x0000000020000c32        0x2 
 COMMON         0x0000000020000c34       0x24 usb_pwr.o
                0x0000000020000c34                ResumeS
                0x0000000020000c38                EP
 COMMON         0x0000000020000c58      0x800 hw_config.o
                0x0000000020000c58                USART_Rx_Buffer
 COMMON         0x0000000020001458        0x2 usb_core.o
                0x0000000020001458                StatusInfo
 *fill*         0x000000002000145a        0x2 
 COMMON         0x000000002000145c       0x32 usb_init.o
                0x000000002000145c                SaveState
                0x0000000020001460                pProperty
                0x0000000020001464                EPindex
                0x0000000020001468                Device_Info
                0x0000000020001484                pUser_Standard_Requests
                0x0000000020001488                pInformation
                0x000000002000148c                wInterrupt_Mask
 COMMON         0x000000002000148e        0x4 usb_int.o
                0x000000002000148e                SaveRState
                0x0000000020001490                SaveTState
                0x0000000020001494                . = ALIGN (0x4)
 *fill*         0x0000000020001492        0x2 
                0x0000000020001494                _ebss = .
                0x0000000020001494                PROVIDE (end, _ebss)
                0x0000000020001494                PROVIDE (_end, _ebss)
                0x0000000020001494                . = ALIGN (0x4)
                0x0000000020001500                . = ALIGN (0x100)

._usrstack      0x0000000020001494      0x100 load address 0x0000000008004e94
                0x0000000020001494                . = ALIGN (0x4)
                0x0000000020001494                _susrstack = .
                0x0000000020001594                . = (. + _Minimum_Stack_Size)
 *fill*         0x0000000020001494      0x100 
                0x0000000020001594                . = ALIGN (0x4)
                0x0000000020001594                _eusrstack = .

.ARM.attributes
                0x0000000000000000       0x35
 *(.ARM.attributes)
 .ARM.attributes
                0x0000000000000000       0x33 main.o
 .ARM.attributes
                0x0000000000000033       0x33 Ap.o
 .ARM.attributes
                0x0000000000000066       0x33 Ap_Menu.o
 .ARM.attributes
                0x0000000000000099       0x33 Lb_Printf.o
 .ARM.attributes
                0x00000000000000cc       0x33 Hw_StartUp.o
 .ARM.attributes
                0x00000000000000ff       0x33 Hw.o
 .ARM.attributes
                0x0000000000000132       0x33 Hw_Uart.o
 .ARM.attributes
                0x0000000000000165       0x33 Hw_PLL.o
 .ARM.attributes
                0x0000000000000198       0x33 Hw_Led.o
 .ARM.attributes
                0x00000000000001cb       0x33 Hw_Uart_Q.o
 .ARM.attributes
                0x00000000000001fe       0x33 Hw_ISR.o
 .ARM.attributes
                0x0000000000000231       0x33 Hw_Timer.o
 .ARM.attributes
                0x0000000000000264       0x33 Hw_VCom.o
 .ARM.attributes
                0x0000000000000297       0x33 Hw_I2C.o
 .ARM.attributes
                0x00000000000002ca       0x33 Hw_I2C_HW.o
 .ARM.attributes
                0x00000000000002fd       0x33 Hw_Si47xx.o
 .ARM.attributes
                0x0000000000000330       0x33 Hw_SPI.o
 .ARM.attributes
                0x0000000000000363       0x33 Hw_N5110G.o
 .ARM.attributes
                0x0000000000000396       0x33 Hw_DMA.o
 .ARM.attributes
                0x00000000000003c9       0x33 Hw_I2C_IMU.o
 .ARM.attributes
                0x00000000000003fc       0x33 Hw_MPU6050.o
 .ARM.attributes
                0x000000000000042f       0x33 Hw_Pwm.o
 .ARM.attributes
                0x0000000000000462       0x33 Hw_DHT11.o
 .ARM.attributes
                0x0000000000000495       0x33 usb_desc.o
 .ARM.attributes
                0x00000000000004c8       0x33 usb_endp.o
 .ARM.attributes
                0x00000000000004fb       0x33 usb_istr.o
 .ARM.attributes
                0x000000000000052e       0x33 usb_prop.o
 .ARM.attributes
                0x0000000000000561       0x33 usb_pwr.o
 .ARM.attributes
                0x0000000000000594       0x33 hw_config.o
 .ARM.attributes
                0x00000000000005c7       0x33 usb_core.o
 .ARM.attributes
                0x00000000000005fa       0x33 usb_init.o
 .ARM.attributes
                0x000000000000062d       0x33 usb_mem.o
 .ARM.attributes
                0x0000000000000660       0x33 usb_regs.o
 .ARM.attributes
                0x0000000000000693       0x33 usb_sil.o
 .ARM.attributes
                0x00000000000006c6       0x33 usb_int.o
                0x0000000000000400                __Stack_Size = 0x400
                0x0000000000000400                PROVIDE (_Stack_Size, __Stack_Size)
                0x0000000020004c00                __Stack_Init = (_estack - __Stack_Size)
                0x0000000020004c00                PROVIDE (_Stack_Init, __Stack_Init)
OUTPUT(main.elf elf32-littlearm)

.debug_info     0x0000000000000000     0xa611
 .debug_info    0x0000000000000000      0x144 main.o
 .debug_info    0x0000000000000144       0x85 Ap.o
 .debug_info    0x00000000000001c9      0x4cf Ap_Menu.o
 .debug_info    0x0000000000000698      0x95d Lb_Printf.o
 .debug_info    0x0000000000000ff5      0x14a Hw_StartUp.o
 .debug_info    0x000000000000113f      0x258 Hw.o
 .debug_info    0x0000000000001397      0x56e Hw_Uart.o
 .debug_info    0x0000000000001905       0x85 Hw_PLL.o
 .debug_info    0x000000000000198a      0x17d Hw_Led.o
 .debug_info    0x0000000000001b07      0x280 Hw_Uart_Q.o
 .debug_info    0x0000000000001d87      0x160 Hw_ISR.o
 .debug_info    0x0000000000001ee7      0x3ab Hw_Timer.o
 .debug_info    0x0000000000002292      0x151 Hw_VCom.o
 .debug_info    0x00000000000023e3      0x17c Hw_I2C.o
 .debug_info    0x000000000000255f      0x904 Hw_I2C_HW.o
 .debug_info    0x0000000000002e63      0xf03 Hw_Si47xx.o
 .debug_info    0x0000000000003d66      0x277 Hw_SPI.o
 .debug_info    0x0000000000003fdd     0x1293 Hw_N5110G.o
 .debug_info    0x0000000000005270      0x11d Hw_DMA.o
 .debug_info    0x000000000000538d      0x88a Hw_I2C_IMU.o
 .debug_info    0x0000000000005c17      0x319 Hw_MPU6050.o
 .debug_info    0x0000000000005f30      0x1b9 Hw_Pwm.o
 .debug_info    0x00000000000060e9      0x50c Hw_DHT11.o
 .debug_info    0x00000000000065f5      0x154 usb_desc.o
 .debug_info    0x0000000000006749      0x22f usb_endp.o
 .debug_info    0x0000000000006978      0x372 usb_istr.o
 .debug_info    0x0000000000006cea      0xacf usb_prop.o
 .debug_info    0x00000000000077b9      0x34a usb_pwr.o
 .debug_info    0x0000000000007b03      0x61b hw_config.o
 .debug_info    0x000000000000811e      0xde6 usb_core.o
 .debug_info    0x0000000000008f04      0x474 usb_init.o
 .debug_info    0x0000000000009378      0x1a2 usb_mem.o
 .debug_info    0x000000000000951a      0xdaa usb_regs.o
 .debug_info    0x000000000000a2c4      0x1c0 usb_sil.o
 .debug_info    0x000000000000a484      0x18d usb_int.o

.debug_abbrev   0x0000000000000000     0x3544
 .debug_abbrev  0x0000000000000000       0xd3 main.o
 .debug_abbrev  0x00000000000000d3       0x44 Ap.o
 .debug_abbrev  0x0000000000000117      0x1ab Ap_Menu.o
 .debug_abbrev  0x00000000000002c2      0x347 Lb_Printf.o
 .debug_abbrev  0x0000000000000609       0xd0 Hw_StartUp.o
 .debug_abbrev  0x00000000000006d9      0x112 Hw.o
 .debug_abbrev  0x00000000000007eb      0x2b6 Hw_Uart.o
 .debug_abbrev  0x0000000000000aa1       0x44 Hw_PLL.o
 .debug_abbrev  0x0000000000000ae5      0x103 Hw_Led.o
 .debug_abbrev  0x0000000000000be8      0x14e Hw_Uart_Q.o
 .debug_abbrev  0x0000000000000d36       0xd1 Hw_ISR.o
 .debug_abbrev  0x0000000000000e07      0x215 Hw_Timer.o
 .debug_abbrev  0x000000000000101c       0xe6 Hw_VCom.o
 .debug_abbrev  0x0000000000001102      0x10b Hw_I2C.o
 .debug_abbrev  0x000000000000120d      0x20c Hw_I2C_HW.o
 .debug_abbrev  0x0000000000001419      0x2a1 Hw_Si47xx.o
 .debug_abbrev  0x00000000000016ba      0x1c2 Hw_SPI.o
 .debug_abbrev  0x000000000000187c      0x39f Hw_N5110G.o
 .debug_abbrev  0x0000000000001c1b       0xc3 Hw_DMA.o
 .debug_abbrev  0x0000000000001cde      0x251 Hw_I2C_IMU.o
 .debug_abbrev  0x0000000000001f2f      0x11c Hw_MPU6050.o
 .debug_abbrev  0x000000000000204b      0x11e Hw_Pwm.o
 .debug_abbrev  0x0000000000002169      0x201 Hw_DHT11.o
 .debug_abbrev  0x000000000000236a       0x5d usb_desc.o
 .debug_abbrev  0x00000000000023c7       0xf2 usb_endp.o
 .debug_abbrev  0x00000000000024b9      0x138 usb_istr.o
 .debug_abbrev  0x00000000000025f1      0x221 usb_prop.o
 .debug_abbrev  0x0000000000002812      0x18b usb_pwr.o
 .debug_abbrev  0x000000000000299d      0x2ae hw_config.o
 .debug_abbrev  0x0000000000002c4b      0x38e usb_core.o
 .debug_abbrev  0x0000000000002fd9      0x10a usb_init.o
 .debug_abbrev  0x00000000000030e3       0xa3 usb_mem.o
 .debug_abbrev  0x0000000000003186      0x227 usb_regs.o
 .debug_abbrev  0x00000000000033ad       0xc7 usb_sil.o
 .debug_abbrev  0x0000000000003474       0xd0 usb_int.o

.debug_loc      0x0000000000000000     0x99dc
 .debug_loc     0x0000000000000000       0x4c main.o
 .debug_loc     0x000000000000004c       0xc8 Ap_Menu.o
 .debug_loc     0x0000000000000114      0xdeb Lb_Printf.o
 .debug_loc     0x0000000000000eff       0x76 Hw_StartUp.o
 .debug_loc     0x0000000000000f75      0x1da Hw.o
 .debug_loc     0x000000000000114f      0x3a6 Hw_Uart.o
 .debug_loc     0x00000000000014f5       0x4b Hw_Led.o
 .debug_loc     0x0000000000001540      0x18d Hw_Uart_Q.o
 .debug_loc     0x00000000000016cd       0x42 Hw_ISR.o
 .debug_loc     0x000000000000170f      0x177 Hw_Timer.o
 .debug_loc     0x0000000000001886       0x8d Hw_VCom.o
 .debug_loc     0x0000000000001913       0xe5 Hw_I2C.o
 .debug_loc     0x00000000000019f8      0xf7a Hw_I2C_HW.o
 .debug_loc     0x0000000000002972      0x9cd Hw_Si47xx.o
 .debug_loc     0x000000000000333f      0x186 Hw_SPI.o
 .debug_loc     0x00000000000034c5     0x2e06 Hw_N5110G.o
 .debug_loc     0x00000000000062cb       0x78 Hw_DMA.o
 .debug_loc     0x0000000000006343      0xdca Hw_I2C_IMU.o
 .debug_loc     0x000000000000710d       0xd6 Hw_MPU6050.o
 .debug_loc     0x00000000000071e3       0x94 Hw_Pwm.o
 .debug_loc     0x0000000000007277      0x2a1 Hw_DHT11.o
 .debug_loc     0x0000000000007518       0xb1 usb_endp.o
 .debug_loc     0x00000000000075c9       0x6e usb_istr.o
 .debug_loc     0x0000000000007637      0x2a4 usb_prop.o
 .debug_loc     0x00000000000078db      0x252 usb_pwr.o
 .debug_loc     0x0000000000007b2d      0x21b hw_config.o
 .debug_loc     0x0000000000007d48      0xb10 usb_core.o
 .debug_loc     0x0000000000008858       0x20 usb_init.o
 .debug_loc     0x0000000000008878      0x237 usb_mem.o
 .debug_loc     0x0000000000008aaf      0xc9e usb_regs.o
 .debug_loc     0x000000000000974d      0x135 usb_sil.o
 .debug_loc     0x0000000000009882      0x15a usb_int.o

.debug_aranges  0x0000000000000000      0xc08
 .debug_aranges
                0x0000000000000000       0x28 main.o
 .debug_aranges
                0x0000000000000028       0x20 Ap.o
 .debug_aranges
                0x0000000000000048       0x38 Ap_Menu.o
 .debug_aranges
                0x0000000000000080       0x68 Lb_Printf.o
 .debug_aranges
                0x00000000000000e8       0x20 Hw_StartUp.o
 .debug_aranges
                0x0000000000000108       0x40 Hw.o
 .debug_aranges
                0x0000000000000148       0x78 Hw_Uart.o
 .debug_aranges
                0x00000000000001c0       0x20 Hw_PLL.o
 .debug_aranges
                0x00000000000001e0       0x40 Hw_Led.o
 .debug_aranges
                0x0000000000000220       0x48 Hw_Uart_Q.o
 .debug_aranges
                0x0000000000000268       0x30 Hw_ISR.o
 .debug_aranges
                0x0000000000000298       0x78 Hw_Timer.o
 .debug_aranges
                0x0000000000000310       0x30 Hw_VCom.o
 .debug_aranges
                0x0000000000000340       0x30 Hw_I2C.o
 .debug_aranges
                0x0000000000000370       0x48 Hw_I2C_HW.o
 .debug_aranges
                0x00000000000003b8       0xb8 Hw_Si47xx.o
 .debug_aranges
                0x0000000000000470       0x60 Hw_SPI.o
 .debug_aranges
                0x00000000000004d0       0xb0 Hw_N5110G.o
 .debug_aranges
                0x0000000000000580       0x30 Hw_DMA.o
 .debug_aranges
                0x00000000000005b0       0x68 Hw_I2C_IMU.o
 .debug_aranges
                0x0000000000000618       0x28 Hw_MPU6050.o
 .debug_aranges
                0x0000000000000640       0x40 Hw_Pwm.o
 .debug_aranges
                0x0000000000000680       0xa0 Hw_DHT11.o
 .debug_aranges
                0x0000000000000720       0x18 usb_desc.o
 .debug_aranges
                0x0000000000000738       0x30 usb_endp.o
 .debug_aranges
                0x0000000000000768       0x20 usb_istr.o
 .debug_aranges
                0x0000000000000788       0x88 usb_prop.o
 .debug_aranges
                0x0000000000000810       0x40 usb_pwr.o
 .debug_aranges
                0x0000000000000850       0x90 hw_config.o
 .debug_aranges
                0x00000000000008e0       0x98 usb_core.o
 .debug_aranges
                0x0000000000000978       0x20 usb_init.o
 .debug_aranges
                0x0000000000000998       0x28 usb_mem.o
 .debug_aranges
                0x00000000000009c0      0x1f0 usb_regs.o
 .debug_aranges
                0x0000000000000bb0       0x30 usb_sil.o
 .debug_aranges
                0x0000000000000be0       0x28 usb_int.o

.debug_ranges   0x0000000000000000     0x2320
 .debug_ranges  0x0000000000000000       0x30 main.o
 .debug_ranges  0x0000000000000030       0x10 Ap.o
 .debug_ranges  0x0000000000000040       0x28 Ap_Menu.o
 .debug_ranges  0x0000000000000068      0x188 Lb_Printf.o
 .debug_ranges  0x00000000000001f0       0x10 Hw_StartUp.o
 .debug_ranges  0x0000000000000200      0x100 Hw.o
 .debug_ranges  0x0000000000000300       0xb0 Hw_Uart.o
 .debug_ranges  0x00000000000003b0       0x10 Hw_PLL.o
 .debug_ranges  0x00000000000003c0       0x50 Hw_Led.o
 .debug_ranges  0x0000000000000410       0x50 Hw_Uart_Q.o
 .debug_ranges  0x0000000000000460       0x20 Hw_ISR.o
 .debug_ranges  0x0000000000000480       0x68 Hw_Timer.o
 .debug_ranges  0x00000000000004e8       0x20 Hw_VCom.o
 .debug_ranges  0x0000000000000508       0x20 Hw_I2C.o
 .debug_ranges  0x0000000000000528      0x398 Hw_I2C_HW.o
 .debug_ranges  0x00000000000008c0       0xc0 Hw_Si47xx.o
 .debug_ranges  0x0000000000000980       0x50 Hw_SPI.o
 .debug_ranges  0x00000000000009d0      0xb40 Hw_N5110G.o
 .debug_ranges  0x0000000000001510       0x20 Hw_DMA.o
 .debug_ranges  0x0000000000001530      0x458 Hw_I2C_IMU.o
 .debug_ranges  0x0000000000001988       0x18 Hw_MPU6050.o
 .debug_ranges  0x00000000000019a0       0x58 Hw_Pwm.o
 .debug_ranges  0x00000000000019f8      0x258 Hw_DHT11.o
 .debug_ranges  0x0000000000001c50       0x20 usb_endp.o
 .debug_ranges  0x0000000000001c70       0x10 usb_istr.o
 .debug_ranges  0x0000000000001c80       0x78 usb_prop.o
 .debug_ranges  0x0000000000001cf8       0x30 usb_pwr.o
 .debug_ranges  0x0000000000001d28       0x98 hw_config.o
 .debug_ranges  0x0000000000001dc0      0x248 usb_core.o
 .debug_ranges  0x0000000000002008       0x10 usb_init.o
 .debug_ranges  0x0000000000002018       0x18 usb_mem.o
 .debug_ranges  0x0000000000002030      0x2a0 usb_regs.o
 .debug_ranges  0x00000000000022d0       0x20 usb_sil.o
 .debug_ranges  0x00000000000022f0       0x30 usb_int.o

.debug_line     0x0000000000000000     0x374b
 .debug_line    0x0000000000000000       0x73 main.o
 .debug_line    0x0000000000000073       0x3e Ap.o
 .debug_line    0x00000000000000b1      0x10a Ap_Menu.o
 .debug_line    0x00000000000001bb      0x444 Lb_Printf.o
 .debug_line    0x00000000000005ff       0x7e Hw_StartUp.o
 .debug_line    0x000000000000067d       0xf1 Hw.o
 .debug_line    0x000000000000076e      0x1aa Hw_Uart.o
 .debug_line    0x0000000000000918       0x65 Hw_PLL.o
 .debug_line    0x000000000000097d       0xb2 Hw_Led.o
 .debug_line    0x0000000000000a2f       0xfb Hw_Uart_Q.o
 .debug_line    0x0000000000000b2a       0x75 Hw_ISR.o
 .debug_line    0x0000000000000b9f      0x194 Hw_Timer.o
 .debug_line    0x0000000000000d33       0x7d Hw_VCom.o
 .debug_line    0x0000000000000db0       0x78 Hw_I2C.o
 .debug_line    0x0000000000000e28      0x2c4 Hw_I2C_HW.o
 .debug_line    0x00000000000010ec      0x2e6 Hw_Si47xx.o
 .debug_line    0x00000000000013d2      0x159 Hw_SPI.o
 .debug_line    0x000000000000152b      0x49e Hw_N5110G.o
 .debug_line    0x00000000000019c9       0xa1 Hw_DMA.o
 .debug_line    0x0000000000001a6a      0x2cf Hw_I2C_IMU.o
 .debug_line    0x0000000000001d39       0xb9 Hw_MPU6050.o
 .debug_line    0x0000000000001df2       0xdb Hw_Pwm.o
 .debug_line    0x0000000000001ecd      0x2da Hw_DHT11.o
 .debug_line    0x00000000000021a7       0x4f usb_desc.o
 .debug_line    0x00000000000021f6       0xae usb_endp.o
 .debug_line    0x00000000000022a4      0x119 usb_istr.o
 .debug_line    0x00000000000023bd      0x211 usb_prop.o
 .debug_line    0x00000000000025ce      0x199 usb_pwr.o
 .debug_line    0x0000000000002767      0x249 hw_config.o
 .debug_line    0x00000000000029b0      0x41f usb_core.o
 .debug_line    0x0000000000002dcf       0x7a usb_init.o
 .debug_line    0x0000000000002e49       0xa9 usb_mem.o
 .debug_line    0x0000000000002ef2      0x674 usb_regs.o
 .debug_line    0x0000000000003566       0xa6 usb_sil.o
 .debug_line    0x000000000000360c      0x13f usb_int.o

.debug_str      0x0000000000000000     0x272a
 .debug_str     0x0000000000000000       0xbf main.o
                                         0xeb (size before relaxing)
 .debug_str     0x00000000000000bf       0x17 Ap.o
                                         0xce (size before relaxing)
 .debug_str     0x00000000000000d6       0xd5 Ap_Menu.o
                                        0x1aa (size before relaxing)
 .debug_str     0x00000000000001ab      0x134 Lb_Printf.o
                                        0x1fc (size before relaxing)
 .debug_str     0x00000000000002df       0x90 Hw_StartUp.o
                                        0x147 (size before relaxing)
 .debug_str     0x000000000000036f       0x52 Hw.o
                                        0x109 (size before relaxing)
 .debug_str     0x00000000000003c1      0x135 Hw_Uart.o
                                        0x1f3 (size before relaxing)
 .debug_str     0x00000000000004f6       0x1f Hw_PLL.o
                                         0xd6 (size before relaxing)
 .debug_str     0x0000000000000515       0x55 Hw_Led.o
                                        0x112 (size before relaxing)
 .debug_str     0x000000000000056a       0xc2 Hw_Uart_Q.o
                                        0x179 (size before relaxing)
 .debug_str     0x000000000000062c       0x96 Hw_ISR.o
                                        0x14d (size before relaxing)
 .debug_str     0x00000000000006c2      0x16b Hw_Timer.o
                                        0x232 (size before relaxing)
 .debug_str     0x000000000000082d       0x3d Hw_VCom.o
                                        0x12c (size before relaxing)
 .debug_str     0x000000000000086a       0x47 Hw_I2C.o
                                         0xfe (size before relaxing)
 .debug_str     0x00000000000008b1       0xb2 Hw_I2C_HW.o
                                        0x178 (size before relaxing)
 .debug_str     0x0000000000000963      0x232 Hw_Si47xx.o
                                        0x32f (size before relaxing)
 .debug_str     0x0000000000000b95       0xb8 Hw_SPI.o
                                        0x177 (size before relaxing)
 .debug_str     0x0000000000000c4d      0x23b Hw_N5110G.o
                                        0x31d (size before relaxing)
 .debug_str     0x0000000000000e88       0x6e Hw_DMA.o
                                        0x12c (size before relaxing)
 .debug_str     0x0000000000000ef6      0x128 Hw_I2C_IMU.o
                                        0x214 (size before relaxing)
 .debug_str     0x000000000000101e       0xd7 Hw_MPU6050.o
                                        0x1e0 (size before relaxing)
 .debug_str     0x00000000000010f5       0x7a Hw_Pwm.o
                                        0x131 (size before relaxing)
 .debug_str     0x000000000000116f      0x1d8 Hw_DHT11.o
                                        0x2af (size before relaxing)
 .debug_str     0x0000000000001347       0xd3 usb_desc.o
                                        0x192 (size before relaxing)
 .debug_str     0x000000000000141a      0x128 usb_endp.o
                                        0x1e7 (size before relaxing)
 .debug_str     0x0000000000001542      0x1b6 usb_istr.o
                                        0x2ff (size before relaxing)
 .debug_str     0x00000000000016f8      0x4f1 usb_prop.o
                                        0x89c (size before relaxing)
 .debug_str     0x0000000000001be9       0x81 usb_pwr.o
                                        0x2b1 (size before relaxing)
 .debug_str     0x0000000000001c6a      0x176 hw_config.o
                                        0x465 (size before relaxing)
 .debug_str     0x0000000000001de0      0x42a usb_core.o
                                        0x9ae (size before relaxing)
 .debug_str     0x000000000000220a       0x35 usb_init.o
                                        0x48d (size before relaxing)
 .debug_str     0x000000000000223f       0x71 usb_mem.o
                                        0x142 (size before relaxing)
 .debug_str     0x00000000000022b0      0x3dd usb_regs.o
                                        0x4ca (size before relaxing)
 .debug_str     0x000000000000268d       0x6f usb_sil.o
                                        0x150 (size before relaxing)
 .debug_str     0x00000000000026fc       0x2e usb_int.o
                                        0x141 (size before relaxing)

.comment        0x0000000000000000       0x11
 .comment       0x0000000000000000       0x11 main.o
                                         0x12 (size before relaxing)
 .comment       0x0000000000000000       0x12 Ap.o
 .comment       0x0000000000000000       0x12 Ap_Menu.o
 .comment       0x0000000000000000       0x12 Lb_Printf.o
 .comment       0x0000000000000000       0x12 Hw_StartUp.o
 .comment       0x0000000000000000       0x12 Hw.o
 .comment       0x0000000000000000       0x12 Hw_Uart.o
 .comment       0x0000000000000000       0x12 Hw_PLL.o
 .comment       0x0000000000000000       0x12 Hw_Led.o
 .comment       0x0000000000000000       0x12 Hw_Uart_Q.o
 .comment       0x0000000000000000       0x12 Hw_ISR.o
 .comment       0x0000000000000000       0x12 Hw_Timer.o
 .comment       0x0000000000000000       0x12 Hw_VCom.o
 .comment       0x0000000000000000       0x12 Hw_I2C.o
 .comment       0x0000000000000000       0x12 Hw_I2C_HW.o
 .comment       0x0000000000000000       0x12 Hw_Si47xx.o
 .comment       0x0000000000000000       0x12 Hw_SPI.o
 .comment       0x0000000000000000       0x12 Hw_N5110G.o
 .comment       0x0000000000000000       0x12 Hw_DMA.o
 .comment       0x0000000000000000       0x12 Hw_I2C_IMU.o
 .comment       0x0000000000000000       0x12 Hw_MPU6050.o
 .comment       0x0000000000000000       0x12 Hw_Pwm.o
 .comment       0x0000000000000000       0x12 Hw_DHT11.o
 .comment       0x0000000000000000       0x12 usb_desc.o
 .comment       0x0000000000000000       0x12 usb_endp.o
 .comment       0x0000000000000000       0x12 usb_istr.o
 .comment       0x0000000000000000       0x12 usb_prop.o
 .comment       0x0000000000000000       0x12 usb_pwr.o
 .comment       0x0000000000000000       0x12 hw_config.o
 .comment       0x0000000000000000       0x12 usb_core.o
 .comment       0x0000000000000000       0x12 usb_init.o
 .comment       0x0000000000000000       0x12 usb_mem.o
 .comment       0x0000000000000000       0x12 usb_regs.o
 .comment       0x0000000000000000       0x12 usb_sil.o
 .comment       0x0000000000000000       0x12 usb_int.o

.debug_frame    0x0000000000000000     0x1d0c
 .debug_frame   0x0000000000000000       0x48 main.o
 .debug_frame   0x0000000000000048       0x20 Ap.o
 .debug_frame   0x0000000000000068       0x9c Ap_Menu.o
 .debug_frame   0x0000000000000104      0x1a4 Lb_Printf.o
 .debug_frame   0x00000000000002a8       0x34 Hw_StartUp.o
 .debug_frame   0x00000000000002dc       0x88 Hw.o
 .debug_frame   0x0000000000000364      0x168 Hw_Uart.o
 .debug_frame   0x00000000000004cc       0x20 Hw_PLL.o
 .debug_frame   0x00000000000004ec       0x64 Hw_Led.o
 .debug_frame   0x0000000000000550       0x88 Hw_Uart_Q.o
 .debug_frame   0x00000000000005d8       0x40 Hw_ISR.o
 .debug_frame   0x0000000000000618      0x114 Hw_Timer.o
 .debug_frame   0x000000000000072c       0x64 Hw_VCom.o
 .debug_frame   0x0000000000000790       0x58 Hw_I2C.o
 .debug_frame   0x00000000000007e8       0xc8 Hw_I2C_HW.o
 .debug_frame   0x00000000000008b0      0x2b4 Hw_Si47xx.o
 .debug_frame   0x0000000000000b64       0xac Hw_SPI.o
 .debug_frame   0x0000000000000c10      0x230 Hw_N5110G.o
 .debug_frame   0x0000000000000e40       0x54 Hw_DMA.o
 .debug_frame   0x0000000000000e94      0x128 Hw_I2C_IMU.o
 .debug_frame   0x0000000000000fbc       0x60 Hw_MPU6050.o
 .debug_frame   0x000000000000101c       0x7c Hw_Pwm.o
 .debug_frame   0x0000000000001098      0x170 Hw_DHT11.o
 .debug_frame   0x0000000000001208       0x68 usb_endp.o
 .debug_frame   0x0000000000001270       0x34 usb_istr.o
 .debug_frame   0x00000000000012a4      0x148 usb_prop.o
 .debug_frame   0x00000000000013ec       0xac usb_pwr.o
 .debug_frame   0x0000000000001498      0x168 hw_config.o
 .debug_frame   0x0000000000001600      0x1ec usb_core.o
 .debug_frame   0x00000000000017ec       0x2c usb_init.o
 .debug_frame   0x0000000000001818       0x38 usb_mem.o
 .debug_frame   0x0000000000001850      0x3e4 usb_regs.o
 .debug_frame   0x0000000000001c34       0x68 usb_sil.o
 .debug_frame   0x0000000000001c9c       0x70 usb_int.o

Cross Reference Table

Symbol                                            File
Ap_Init                                           Ap.o
                                                  main.o
Ap_Menu_ExeCmd                                    Ap_Menu.o
                                                  main.o
Ap_Menu_GetCmd                                    Ap_Menu.o
Ap_Menu_ShowMenu                                  Ap_Menu.o
ByteSwap                                          usb_regs.o
                                                  usb_core.o
CTR_HP                                            usb_int.o
CTR_LP                                            usb_int.o
                                                  usb_istr.o
ClearDTOG_RX                                      usb_regs.o
                                                  usb_core.o
ClearDTOG_TX                                      usb_regs.o
                                                  usb_core.o
ClearEPDoubleBuff                                 usb_regs.o
ClearEP_CTR_RX                                    usb_regs.o
ClearEP_CTR_TX                                    usb_regs.o
ClearEP_KIND                                      usb_regs.o
Clear_Status_Out                                  usb_regs.o
                                                  usb_prop.o
Config_Descriptor                                 usb_prop.o
Data_Mul_MaxPacketSize                            usb_core.o
DecToLong                                         Lb_Printf.o
Device_Descriptor                                 usb_prop.o
Device_Info                                       usb_init.o
                                                  hw_config.o
                                                  usb_prop.o
Device_Property                                   usb_prop.o
                                                  usb_init.o
                                                  usb_core.o
                                                  usb_istr.o
Device_Table                                      usb_prop.o
                                                  usb_core.o
EP                                                usb_pwr.o
EP1_IN_Callback                                   usb_endp.o
                                                  usb_istr.o
EP3_OUT_Callback                                  usb_endp.o
                                                  usb_istr.o
EPindex                                           usb_int.o
                                                  usb_init.o
Enter_LowPowerMode                                hw_config.o
Exam_LED_Tick                                     Ap_Menu.o
Exam_LED_TickDelay                                Ap_Menu.o
Exam_Pwm_Value                                    Ap_Menu.o
FreeUserBuffer                                    usb_regs.o
GetBTABLE                                         usb_regs.o
GetCNTR                                           usb_regs.o
GetDADDR                                          usb_regs.o
GetENDPOINT                                       usb_regs.o
GetEPAddress                                      usb_regs.o
GetEPDblBuf0Addr                                  usb_regs.o
GetEPDblBuf0Count                                 usb_regs.o
GetEPDblBuf1Addr                                  usb_regs.o
GetEPDblBuf1Count                                 usb_regs.o
GetEPDblBufDir                                    usb_regs.o
GetEPRxAddr                                       usb_regs.o
                                                  usb_sil.o
                                                  usb_core.o
GetEPRxCount                                      usb_regs.o
                                                  usb_sil.o
GetEPRxStatus                                     usb_regs.o
GetEPTxAddr                                       usb_regs.o
                                                  usb_sil.o
                                                  usb_core.o
GetEPTxCount                                      usb_regs.o
GetEPTxStatus                                     usb_regs.o
GetEPType                                         usb_regs.o
GetFNR                                            usb_regs.o
GetISTR                                           usb_regs.o
GetRxStallStatus                                  usb_regs.o
GetTxStallStatus                                  usb_regs.o
Get_SerialNum                                     hw_config.o
                                                  usb_prop.o
HW_UART_Q_SIZE                                    Hw_Uart_Q.o
HW_UART_Q_VAILD                                   Hw_Uart_Q.o
                                                  Hw_VCom.o
                                                  Hw_Uart.o
Handle_USBAsynchXfer                              hw_config.o
                                                  usb_endp.o
Hw_DHT11_BitIndex                                 Hw_DHT11.o
Hw_DHT11_BitTbl                                   Hw_DHT11.o
Hw_DHT11_GetHumidity                              Hw_DHT11.o
                                                  Ap_Menu.o
Hw_DHT11_GetTemperature                           Hw_DHT11.o
                                                  Ap_Menu.o
Hw_DHT11_IO_DisableISR                            Hw_DHT11.o
Hw_DHT11_IO_EnableISR                             Hw_DHT11.o
Hw_DHT11_IO_Get                                   Hw_DHT11.o
Hw_DHT11_IO_ISR                                   Hw_DHT11.o
Hw_DHT11_IO_SetHigh                               Hw_DHT11.o
Hw_DHT11_IO_SetInput                              Hw_DHT11.o
Hw_DHT11_IO_SetLow                                Hw_DHT11.o
Hw_DHT11_IO_SetOutput                             Hw_DHT11.o
Hw_DHT11_IO_Setup                                 Hw_DHT11.o
Hw_DHT11_IO_SetupISR                              Hw_DHT11.o
Hw_DHT11_Init                                     Hw_DHT11.o
                                                  Hw.o
Hw_DHT11_Log                                      Hw_DHT11.o
Hw_DHT11_Start                                    Hw_DHT11.o
Hw_DHT11_Stop                                     Hw_DHT11.o
Hw_DHT11_Tick                                     Hw_DHT11.o
Hw_DHT11_Timer_Setup                              Hw_DHT11.o
Hw_DMA_Init                                       Hw_DMA.o
                                                  Hw.o
Hw_DMA_SPI2_IsTransFinished                       Hw_DMA.o
                                                  Hw_N5110G.o
Hw_DMA_SPI2_Setup                                 Hw_DMA.o
                                                  Hw_N5110G.o
Hw_I2C_HW_GetErrStatus                            Hw_I2C_HW.o
Hw_I2C_HW_IO_Setup                                Hw_I2C_HW.o
Hw_I2C_HW_Init                                    Hw_I2C_HW.o
                                                  Hw_I2C.o
Hw_I2C_HW_Read                                    Hw_I2C_HW.o
Hw_I2C_HW_WaitForBitSet                           Hw_I2C_HW.o
Hw_I2C_HW_Write                                   Hw_I2C_HW.o
                                                  Hw_I2C.o
Hw_I2C_IMU_GetErrStatus                           Hw_I2C_IMU.o
Hw_I2C_IMU_IO_Setup                               Hw_I2C_IMU.o
Hw_I2C_IMU_Init                                   Hw_I2C_IMU.o
                                                  Hw_MPU6050.o
Hw_I2C_IMU_MPU6050_ReadReg                        Hw_I2C_IMU.o
                                                  Hw_MPU6050.o
Hw_I2C_IMU_MPU6050_ReadRegs                       Hw_I2C_IMU.o
                                                  Hw_MPU6050.o
Hw_I2C_IMU_MPU6050_WriteReg                       Hw_I2C_IMU.o
                                                  Hw_MPU6050.o
Hw_I2C_IMU_MPU6050_WriteRegs                      Hw_I2C_IMU.o
Hw_I2C_IMU_ReadRegs                               Hw_I2C_IMU.o
Hw_I2C_IMU_WaitForBitSet                          Hw_I2C_IMU.o
Hw_I2C_IMU_WriteRegs                              Hw_I2C_IMU.o
Hw_I2C_Init                                       Hw_I2C.o
                                                  Hw_Si47xx.o
                                                  Hw.o
Hw_I2C_Read                                       Hw_I2C.o
                                                  Hw_Si47xx.o
Hw_I2C_SW_EndTransmit                             Hw_I2C_SW.o
Hw_I2C_SW_IO_Setup                                Hw_I2C_SW.o
Hw_I2C_SW_Init                                    Hw_I2C_SW.o
Hw_I2C_SW_Read                                    Hw_I2C_SW.o
Hw_I2C_SW_ReadByte_Ack                            Hw_I2C_SW.o
Hw_I2C_SW_ReadByte_NoAck                          Hw_I2C_SW.o
Hw_I2C_SW_SCL_HIGH                                Hw_I2C_SW.o
Hw_I2C_SW_SCL_LOW                                 Hw_I2C_SW.o
Hw_I2C_SW_SDA                                     Hw_I2C_SW.o
Hw_I2C_SW_SDA_HIGH                                Hw_I2C_SW.o
Hw_I2C_SW_SDA_LOW                                 Hw_I2C_SW.o
Hw_I2C_SW_SetDir_SDA_Input                        Hw_I2C_SW.o
Hw_I2C_SW_SetDir_SDA_Output                       Hw_I2C_SW.o
Hw_I2C_SW_StartTransmit                           Hw_I2C_SW.o
Hw_I2C_SW_Write                                   Hw_I2C_SW.o
Hw_I2C_SW_WriteByte_Ack                           Hw_I2C_SW.o
Hw_I2C_SW_WriteByte_NoAck                         Hw_I2C_SW.o
Hw_I2C_Write                                      Hw_I2C.o
                                                  Hw_Si47xx.o
Hw_ISR_Init                                       Hw_ISR.o
                                                  Hw.o
Hw_ISR_SetIRQFunc                                 Hw_ISR.o
                                                  Hw_DHT11.o
                                                  Hw_Uart.o
Hw_ISR_SetIRQFuncByAddr                           Hw_ISR.o
                                                  hw_config.o
                                                  Hw_Timer.o
Hw_ISR_UART1_Handler                              Hw_Uart.o
Hw_ISR_VectorTable                                Hw_ISR.o
Hw_Init                                           Hw.o
                                                  main.o
Hw_Led_Init                                       Hw_Led.o
                                                  Hw.o
Hw_Led_Off                                        Hw_Led.o
Hw_Led_On                                         Hw_Led.o
Hw_Led_Toggle                                     Hw_Led.o
                                                  Ap_Menu.o
                                                  main.o
Hw_Led_Wait                                       Hw_Led.o
Hw_MPU6050_GetData                                Hw_MPU6050.o
Hw_MPU6050_Init                                   Hw_MPU6050.o
                                                  Hw.o
Hw_N5100G_FrameTick                               Hw_N5110G.o
Hw_N5110G_Clear                                   Hw_N5110G.o
Hw_N5110G_ClrPixel                                Hw_N5110G.o
Hw_N5110G_DrawCircle                              Hw_N5110G.o
Hw_N5110G_DrawClear                               Hw_N5110G.o
Hw_N5110G_DrawClearRect                           Hw_N5110G.o
Hw_N5110G_DrawPrint                               Hw_N5110G.o
Hw_N5110G_DrawRequest                             Hw_N5110G.o
Hw_N5110G_Font6_8                                 Hw_N5110G.o
Hw_N5110G_Frame_DrawReq                           Hw_N5110G.o
Hw_N5110G_Frame_Index                             Hw_N5110G.o
Hw_N5110G_GetPixel                                Hw_N5110G.o
Hw_N5110G_Goto                                    Hw_N5110G.o
Hw_N5110G_Init                                    Hw_N5110G.o
                                                  Hw.o
Hw_N5110G_Print                                   Hw_N5110G.o
Hw_N5110G_Reset                                   Hw_N5110G.o
Hw_N5110G_RxFrameBuf                              Hw_N5110G.o
Hw_N5110G_SetPixel                                Hw_N5110G.o
Hw_N5110G_TxFrameBuf                              Hw_N5110G.o
Hw_N5110G_WriteByte                               Hw_N5110G.o
Hw_N5110G_WriteChar                               Hw_N5110G.o
Hw_N5110G_WriteCmd                                Hw_N5110G.o
Hw_N5110G_WriteStr                                Hw_N5110G.o
Hw_N5110G_XorPixel                                Hw_N5110G.o
Hw_PLL_Init                                       Hw_PLL.o
                                                  Hw.o
Hw_Pwm_IO_Setup                                   Hw_Pwm.o
Hw_Pwm_Init                                       Hw_Pwm.o
                                                  Hw.o
Hw_Pwm_SetDuty                                    Hw_Pwm.o
Hw_Pwm_SetPercent                                 Hw_Pwm.o
                                                  Ap_Menu.o
Hw_Pwm_Timer_Setup                                Hw_Pwm.o
Hw_SPI_Ch1_Init                                   Hw_SPI.o
Hw_SPI_Ch2_Init                                   Hw_SPI.o
Hw_SPI_Disable                                    Hw_SPI.o
Hw_SPI_Enable                                     Hw_SPI.o
Hw_SPI_Init                                       Hw_SPI.o
                                                  Hw_N5110G.o
Hw_SPI_StartDMA                                   Hw_SPI.o
                                                  Hw_N5110G.o
Hw_SPI_StopDMA                                    Hw_SPI.o
Hw_SPI_Write16Bit                                 Hw_SPI.o
Hw_SPI_Write8Bit                                  Hw_SPI.o
                                                  Hw_N5110G.o
Hw_Si47xx_AM_Config                               Hw_Si47xx.o
Hw_Si47xx_AM_SEEK_START                           Hw_Si47xx.o
Hw_Si47xx_AM_TUNE_FREQ                            Hw_Si47xx.o
Hw_Si47xx_AM_TUNE_STATUS                          Hw_Si47xx.o
Hw_Si47xx_CommandResp                             Hw_Si47xx.o
Hw_Si47xx_FM_Config                               Hw_Si47xx.o
Hw_Si47xx_FM_SEEK_START                           Hw_Si47xx.o
Hw_Si47xx_FM_TUNE_FREQ                            Hw_Si47xx.o
Hw_Si47xx_FM_TUNE_STATUS                          Hw_Si47xx.o
Hw_Si47xx_GET_INT_STATUS                          Hw_Si47xx.o
Hw_Si47xx_GET_PROPERTY                            Hw_Si47xx.o
Hw_Si47xx_Init                                    Hw_Si47xx.o
                                                  Hw.o
Hw_Si47xx_LastResp                                Hw_Si47xx.o
Hw_Si47xx_POWER_UP                                Hw_Si47xx.o
Hw_Si47xx_ReadResp                                Hw_Si47xx.o
Hw_Si47xx_ReceiveResponse                         Hw_Si47xx.o
Hw_Si47xx_Reset                                   Hw_Si47xx.o
Hw_Si47xx_SET_PROPERTY                            Hw_Si47xx.o
Hw_Si47xx_SendCommand                             Hw_Si47xx.o
Hw_Si47xx_WaitForCTS                              Hw_Si47xx.o
Hw_Si47xx_WaitForSTC                              Hw_Si47xx.o
Hw_StartUp_Init                                   Hw_StartUp.o
Hw_Timer_Delay_ms                                 Hw_Timer.o
                                                  Hw_N5110G.o
                                                  Hw_Si47xx.o
Hw_Timer_Get_CountValue                           Hw_Timer.o
                                                  Hw_Si47xx.o
Hw_Timer_Get_Handle                               Hw_Timer.o
Hw_Timer_ISR                                      Hw_Timer.o
Hw_Timer_Init                                     Hw_Timer.o
                                                  Hw.o
Hw_Timer_Reset                                    Hw_Timer.o
                                                  Hw_DHT11.o
Hw_Timer_Set                                      Hw_Timer.o
                                                  Hw_DHT11.o
                                                  Hw_N5110G.o
                                                  Ap_Menu.o
                                                  main.o
Hw_Timer_Setup                                    Hw_Timer.o
Hw_Timer_SetupISR                                 Hw_Timer.o
Hw_Timer_Start                                    Hw_Timer.o
                                                  Hw_DHT11.o
                                                  Hw_N5110G.o
                                                  Ap_Menu.o
                                                  main.o
Hw_Timer_Stop                                     Hw_Timer.o
                                                  Hw_DHT11.o
Hw_Timer_Tick                                     Hw_Timer.o
Hw_Uart_Ch                                        Hw_Uart.o
Hw_Uart_Getch                                     Hw_Uart.o
Hw_Uart_GetchNoWait                               Hw_Uart.o
Hw_Uart_Init                                      Hw_Uart.o
                                                  Hw.o
Hw_Uart_Open                                      Hw_Uart.o
Hw_Uart_Open_COM1                                 Hw_Uart.o
Hw_Uart_Print                                     Hw_Uart.o
Hw_Uart_PrintEx                                   Hw_Uart.o
Hw_Uart_Putch                                     Hw_Uart.o
Hw_Uart_Q_Buffer                                  Hw_Uart_Q.o
Hw_Uart_Q_End                                     Hw_Uart_Q.o
Hw_Uart_Q_Init                                    Hw_Uart_Q.o
                                                  Hw_Uart.o
Hw_Uart_Q_Pop                                     Hw_Uart_Q.o
                                                  Hw_VCom.o
                                                  Hw_Uart.o
Hw_Uart_Q_Push                                    Hw_Uart_Q.o
                                                  hw_config.o
                                                  Hw_Uart.o
Hw_Uart_Q_PushReady                               Hw_Uart_Q.o
Hw_Uart_Q_Size                                    Hw_Uart_Q.o
Hw_Uart_Q_Start                                   Hw_Uart_Q.o
Hw_VCom_Getch                                     Hw_VCom.o
Hw_VCom_Init                                      Hw_VCom.o
                                                  Hw.o
Hw_VCom_Putch                                     Hw_VCom.o
Hw_Wait                                           Hw.o
                                                  Hw_Si47xx.o
Hw_Wait_Usec                                      Hw.o
                                                  Hw_I2C_SW.o
Hw_Wait_ms                                        Hw.o
                                                  Hw_MPU6050.o
Hw_Wait_us                                        Hw.o
In0_Process                                       usb_core.o
                                                  usb_int.o
LED_Tick                                          main.o
Lb_Util_PaseArgs                                  Lb_Util.o
Lb_Util_atoi                                      Lb_Util.o
Lb_printf                                         Lb_Printf.o
                                                  Hw_MPU6050.o
                                                  Hw_I2C_HW.o
                                                  Ap_Menu.o
Lb_sprintf                                        Lb_Printf.o
                                                  Hw_Uart.o
Lb_vsprintf                                       Lb_Printf.o
                                                  Hw_N5110G.o
Leave_LowPowerMode                                hw_config.o
                                                  usb_pwr.o
NOP_Process                                       usb_core.o
                                                  usb_prop.o
                                                  usb_istr.o
Out0_Process                                      usb_core.o
                                                  usb_int.o
PMAToUserBufferCopy                               usb_mem.o
                                                  usb_sil.o
                                                  usb_core.o
Post0_Process                                     usb_core.o
PowerOff                                          usb_pwr.o
PowerOn                                           usb_pwr.o
                                                  usb_prop.o
Request                                           usb_prop.o
Resume                                            usb_pwr.o
                                                  usb_istr.o
ResumeS                                           usb_pwr.o
Resume_Init                                       usb_pwr.o
SOF_Callback                                      usb_endp.o
                                                  usb_istr.o
SaveRState                                        usb_int.o
                                                  usb_core.o
SaveState                                         usb_init.o
SaveTState                                        usb_int.o
                                                  usb_core.o
SetBTABLE                                         usb_regs.o
                                                  usb_prop.o
SetCNTR                                           usb_regs.o
SetDADDR                                          usb_regs.o
SetDeviceAddress                                  usb_core.o
                                                  usb_prop.o
SetDouBleBuffEPStall                              usb_regs.o
SetENDPOINT                                       usb_regs.o
SetEPAddress                                      usb_regs.o
SetEPCountRxReg                                   usb_regs.o
SetEPDblBuf0Addr                                  usb_regs.o
SetEPDblBuf0Count                                 usb_regs.o
SetEPDblBuf1Addr                                  usb_regs.o
SetEPDblBuf1Count                                 usb_regs.o
SetEPDblBuffAddr                                  usb_regs.o
SetEPDblBuffCount                                 usb_regs.o
SetEPDoubleBuff                                   usb_regs.o
SetEPRxAddr                                       usb_regs.o
                                                  usb_prop.o
SetEPRxCount                                      usb_regs.o
                                                  usb_core.o
                                                  usb_prop.o
SetEPRxStatus                                     usb_regs.o
                                                  usb_prop.o
SetEPRxValid                                      usb_regs.o
                                                  usb_prop.o
                                                  usb_endp.o
SetEPTxAddr                                       usb_regs.o
                                                  usb_prop.o
SetEPTxCount                                      usb_regs.o
                                                  usb_sil.o
                                                  usb_core.o
                                                  hw_config.o
                                                  usb_endp.o
SetEPTxStatus                                     usb_regs.o
                                                  usb_core.o
                                                  usb_prop.o
SetEPTxValid                                      usb_regs.o
                                                  hw_config.o
                                                  usb_endp.o
SetEPType                                         usb_regs.o
                                                  usb_prop.o
SetEP_KIND                                        usb_regs.o
SetISTR                                           usb_regs.o
Set_Status_Out                                    usb_regs.o
Set_System                                        hw_config.o
                                                  Hw_VCom.o
Set_USBClock                                      hw_config.o
                                                  Hw_VCom.o
Setup0_Process                                    usb_core.o
                                                  usb_int.o
Standard_ClearFeature                             usb_core.o
Standard_GetConfiguration                         usb_core.o
Standard_GetDescriptorData                        usb_core.o
                                                  usb_prop.o
Standard_GetInterface                             usb_core.o
Standard_GetStatus                                usb_core.o
Standard_SetConfiguration                         usb_core.o
Standard_SetDeviceFeature                         usb_core.o
Standard_SetEndPointFeature                       usb_core.o
Standard_SetInterface                             usb_core.o
StatusInfo                                        usb_core.o
StrCmp                                            Lb_Printf.o
StrNCmp                                           Lb_Printf.o
StrPrintBufIndex                                  Lb_Printf.o
StrPrintMode                                      Lb_Printf.o
String_Descriptor                                 usb_prop.o
Suspend                                           usb_pwr.o
                                                  usb_istr.o
ToWord                                            usb_regs.o
ToggleDTOG_RX                                     usb_regs.o
ToggleDTOG_TX                                     usb_regs.o
USART_Rx_Buffer                                   hw_config.o
                                                  usb_endp.o
USART_Rx_length                                   hw_config.o
                                                  usb_endp.o
USART_Rx_ptr_in                                   hw_config.o
USART_Rx_ptr_out                                  hw_config.o
                                                  usb_endp.o
USART_To_USB_Send_Data                            hw_config.o
USBWakeUp_IRQHandler                              hw_config.o
USB_Cable_Config                                  hw_config.o
                                                  usb_pwr.o
USB_Init                                          usb_init.o
                                                  Hw_VCom.o
USB_Interrupts_Config                             hw_config.o
                                                  Hw_VCom.o
USB_Istr                                          usb_istr.o
                                                  hw_config.o
USB_LP_IRQHandler                                 hw_config.o
USB_Rx_Buffer                                     usb_endp.o
USB_SIL_Init                                      usb_sil.o
                                                  usb_prop.o
USB_SIL_Read                                      usb_sil.o
                                                  usb_endp.o
USB_SIL_Write                                     usb_sil.o
USB_Send_Data                                     hw_config.o
                                                  Hw_VCom.o
USB_To_USART_Send_Data                            hw_config.o
                                                  usb_endp.o
USB_Tx_State                                      hw_config.o
                                                  usb_endp.o
UserToPMABufferCopy                               usb_mem.o
                                                  usb_sil.o
                                                  usb_core.o
                                                  hw_config.o
                                                  usb_endp.o
User_Standard_Requests                            usb_prop.o
                                                  usb_init.o
Virtual_Com_Port_ConfigDescriptor                 usb_desc.o
                                                  usb_prop.o
Virtual_Com_Port_Data_Setup                       usb_prop.o
Virtual_Com_Port_DeviceDescriptor                 usb_desc.o
                                                  usb_prop.o
Virtual_Com_Port_GetConfigDescriptor              usb_prop.o
Virtual_Com_Port_GetDeviceDescriptor              usb_prop.o
Virtual_Com_Port_GetLineCoding                    usb_prop.o
Virtual_Com_Port_GetStringDescriptor              usb_prop.o
Virtual_Com_Port_Get_Interface_Setting            usb_prop.o
Virtual_Com_Port_NoData_Setup                     usb_prop.o
Virtual_Com_Port_Reset                            usb_prop.o
Virtual_Com_Port_SetConfiguration                 usb_prop.o
Virtual_Com_Port_SetDeviceAddress                 usb_prop.o
Virtual_Com_Port_SetLineCoding                    usb_prop.o
Virtual_Com_Port_Status_In                        usb_prop.o
Virtual_Com_Port_Status_Out                       usb_prop.o
Virtual_Com_Port_StringLangID                     usb_desc.o
                                                  usb_prop.o
Virtual_Com_Port_StringProduct                    usb_desc.o
                                                  usb_prop.o
Virtual_Com_Port_StringSerial                     usb_desc.o
                                                  hw_config.o
                                                  usb_prop.o
Virtual_Com_Port_StringVendor                     usb_desc.o
                                                  usb_prop.o
Virtual_Com_Port_init                             usb_prop.o
__WFI                                             hw_config.o
                                                  usb_pwr.o
__errno                                           /opt/local/lib/gcc/arm-none-eabi/4.7.2/../../../../arm-none-eabi/lib/thumb/libc.a(lib_a-errno.o)
                                                  Lb_Util.o
__get_MSP                                         Lb_Util.o
__strtok_r                                        /opt/local/lib/gcc/arm-none-eabi/4.7.2/../../../../arm-none-eabi/lib/thumb/libc.a(lib_a-strtok_r.o)
                                                  /opt/local/lib/gcc/arm-none-eabi/4.7.2/../../../../arm-none-eabi/lib/thumb/libc.a(lib_a-strtok.o)
_ebss                                             Hw_StartUp.o
                                                  Lb_Util.o
_edata                                            Hw_StartUp.o
_estack                                           Hw_StartUp.o
_global_impure_ptr                                /opt/local/lib/gcc/arm-none-eabi/4.7.2/../../../../arm-none-eabi/lib/thumb/libc.a(lib_a-impure.o)
_impure_ptr                                       /opt/local/lib/gcc/arm-none-eabi/4.7.2/../../../../arm-none-eabi/lib/thumb/libc.a(lib_a-impure.o)
                                                  /opt/local/lib/gcc/arm-none-eabi/4.7.2/../../../../arm-none-eabi/lib/thumb/libc.a(lib_a-strtok.o)
                                                  /opt/local/lib/gcc/arm-none-eabi/4.7.2/../../../../arm-none-eabi/lib/thumb/libc.a(lib_a-errno.o)
_sbrk                                             Lb_Util.o
_sbss                                             Hw_StartUp.o
_sdata                                            Hw_StartUp.o
_sidata                                           Hw_StartUp.o
bDeviceState                                      usb_pwr.o
                                                  hw_config.o
                                                  usb_prop.o
                                                  usb_endp.o
bIntPackSOF                                       usb_istr.o
delay                                             Lb_Util.o
delay_second                                      Lb_Util.o
esof_counter                                      usb_istr.o
fSuspendEnabled                                   usb_pwr.o
                                                  usb_istr.o
g_pfnVectors                                      Hw_StartUp.o
get_byte                                          Hw_Uart.o
                                                  Ap_Menu.o
get_byte_check                                    Hw_Uart.o
linecoding                                        usb_prop.o
main                                              main.o
                                                  Hw_StartUp.o
pEpInt_IN                                         usb_istr.o
                                                  usb_int.o
pEpInt_OUT                                        usb_istr.o
                                                  usb_int.o
pInformation                                      usb_init.o
                                                  usb_core.o
                                                  usb_prop.o
pProperty                                         usb_init.o
                                                  usb_core.o
pStrPrintBuf                                      Lb_Printf.o
pUser_Standard_Requests                           usb_init.o
                                                  usb_core.o
print_byte                                        Hw_Uart.o
                                                  Lb_Printf.o
print_byte_out                                    Lb_Printf.o
remotewakeupon                                    usb_pwr.o
strtok                                            /opt/local/lib/gcc/arm-none-eabi/4.7.2/../../../../arm-none-eabi/lib/thumb/libc.a(lib_a-strtok.o)
                                                  Lb_Util.o
strtok_r                                          /opt/local/lib/gcc/arm-none-eabi/4.7.2/../../../../arm-none-eabi/lib/thumb/libc.a(lib_a-strtok_r.o)
wCNTR                                             usb_istr.o
wInterrupt_Mask                                   usb_sil.o
                                                  usb_init.o
                                                  usb_pwr.o
                                                  usb_istr.o
wIstr                                             usb_int.o
                                                  usb_istr.o